         ps       /dss_tb/ASK_OUT    
          delta                      
          0  +0          UUUUUUUU 
          0  +1          00000000 
      83000  +6          00001111 
      91000  +6          00000000 
     187000  +6          00001010 
     195000  +6          00000000 
     203000  +6          00001011 
     211000  +6          00000000 
     219000  +6          00001010 
     251000  +6          00000000 
     299000  +6          00001011 
     307000  +6          00000000 
     347000  +6          00001010 
     355000  +6          00000000 
     371000  +6          00001111 
     379000  +6          00000000 
     427000  +6          00001011 
     435000  +6          00000000 
     475000  +6          00001010 
     483000  +6          00000000 
     507000  +6          00001010 
     531000  +6          00000000 
     539000  +6          00001010 
     547000  +6          00000000 
     571000  +6          00001010 
     579000  +6          00000000 
     603000  +6          00001010 
     611000  +6          00000000 
     619000  +6          00001011 
     627000  +6          00000000 
     635000  +6          00001010 
     643000  +6          00000000 
     651000  +6          00001011 
     667000  +6          00000000 
     691000  +6          00001111 
     731000  +6          00000000 
     747000  +6          00001011 
     763000  +6          00000000 
     787000  +6          00001111 
     795000  +6          00000000 
     827000  +6          00001010 
     835000  +6          00000000 
     851000  +6          00001111 
     883000  +6          00000000 
     947000  +6          00001111 
     971000  +6          00000000 
     987000  +6          00001010 
     995000  +6          00000000 
